Copyright 1986-2022 Xilinx, Inc. All Rights Reserved. Copyright 2022-2023 Advanced Micro Devices, Inc. All Rights Reserved.
---------------------------------------------------------------------------------------------------------------------------------------------
| Tool Version : Vivado v.2023.1 (win64) Build 3865809 Sun May  7 15:05:29 MDT 2023
| Date         : Sat Oct 10 19:42:38 2026
| Host         : NV-PF519JKS running 64-bit major release  (build 9200)
| Command      : report_control_sets -verbose -file blinky_soc_control_sets_placed.rpt
| Design       : blinky_soc
| Device       : xc7a100t
---------------------------------------------------------------------------------------------------------------------------------------------

Control Set Information

Table of Contents
-----------------
1. Summary
2. Histogram
3. Flip-Flop Distribution
4. Detailed Control Set Information

1. Summary
----------

+----------------------------------------------------------+-------+
|                          Status                          | Count |
+----------------------------------------------------------+-------+
| Total control sets                                       |    32 |
|    Minimum number of control sets                        |    32 |
|    Addition due to synthesis replication                 |     0 |
|    Addition due to physical synthesis replication        |     0 |
| Unused register locations in slices containing registers |    86 |
+----------------------------------------------------------+-------+
* Control sets can be merged at opt_design using control_set_merge or merge_equivalent_drivers
** Run report_qor_suggestions for automated merging and remapping suggestions


2. Histogram
------------

+--------------------+-------+
|       Fanout       | Count |
+--------------------+-------+
| Total control sets |    32 |
| >= 0 to < 4        |     4 |
| >= 4 to < 6        |     5 |
| >= 6 to < 8        |     5 |
| >= 8 to < 10       |    11 |
| >= 10 to < 12      |     2 |
| >= 12 to < 14      |     0 |
| >= 14 to < 16      |     2 |
| >= 16              |     3 |
+--------------------+-------+
* Control sets can be remapped at either synth_design or opt_design


3. Flip-Flop Distribution
-------------------------

+--------------+-----------------------+------------------------+-----------------+--------------+
| Clock Enable | Synchronous Set/Reset | Asynchronous Set/Reset | Total Registers | Total Slices |
+--------------+-----------------------+------------------------+-----------------+--------------+
| No           | No                    | No                     |              41 |           24 |
| No           | No                    | Yes                    |               0 |            0 |
| No           | Yes                   | No                     |              93 |           45 |
| Yes          | No                    | No                     |              47 |           13 |
| Yes          | No                    | Yes                    |               0 |            0 |
| Yes          | Yes                   | No                     |             117 |           52 |
+--------------+-----------------------+------------------------+-----------------+--------------+


4. Detailed Control Set Information
-----------------------------------

+----------------------+--------------------------------------------------+--------------------------------------------+------------------+----------------+--------------+
|     Clock Signal     |                   Enable Signal                  |              Set/Reset Signal              | Slice Load Count | Bel Load Count | Bels / Slice |
+----------------------+--------------------------------------------------+--------------------------------------------+------------------+----------------+--------------+
|  clk25m_BUFG         | u_character_disp/vga0/next_hsync                 | u_character_disp/vga0/hcount[9]_i_1_n_0    |                1 |              1 |         1.00 |
|  clk25m_BUFG         | u_character_disp/vga0/vsync_i_2_n_0              | u_character_disp/vga0/vsync_i_1_n_0        |                1 |              1 |         1.00 |
|  clk25m_BUFG         | u_character_disp/pixeldata0/load                 | u_character_disp/vga0/SR[0]                |                1 |              1 |         1.00 |
|  counter_reg_n_0_[0] | u_tx/tx_i_1_n_0                                  |                                            |                1 |              1 |         1.00 |
|  clk25m_BUFG         | u_character_disp/vga0/E[0]                       | u_character_disp/vga0/newline              |                2 |              4 |         2.00 |
|  cpu_clk_BUFG        | u_noobs_cpu/u_idecode/imm_mode_reg[0]_0          |                                            |                2 |              4 |         2.00 |
|  cpu_clk_BUFG        | u_noobs_cpu/u_idecode/imm_mode_reg[0]_0          | u_noobs_cpu/u_idecode/latch_ret_addr       |                2 |              4 |         2.00 |
|  cpu_clk_BUFG        | u_noobs_cpu/u_execute/vga_clr_row_addr_reg[4][0] | u_noobs_cpu/u_idecode/SR[0]                |                1 |              5 |         5.00 |
|  cpu_clk_BUFG        | u_noobs_cpu/u_execute/vga_ctrl_reg[0]_1[0]       | u_noobs_cpu/u_idecode/SR[0]                |                3 |              5 |         1.67 |
|  clk_IBUF_BUFG       |                                                  | u_noobs_cpu/u_idecode/SR[0]                |                2 |              6 |         3.00 |
|  clk25m_BUFG         |                                                  | u_character_disp/vga0/newline              |                3 |              6 |         2.00 |
|  counter_reg_n_0_[0] |                                                  |                                            |                3 |              6 |         2.00 |
|  cpu_clk_BUFG        | u_noobs_cpu/u_execute/newline_q_reg[0]           | u_noobs_cpu/u_execute/vga_ctrl_reg[1]_1[0] |                3 |              6 |         2.00 |
|  cpu_clk_BUFG        | u_noobs_cpu/u_execute/ret_addr0_reg[1]_1[0]      | u_noobs_cpu/u_idecode/SR[0]                |                3 |              6 |         2.00 |
|  counter_reg_n_0_[0] | u_tx/data                                        |                                            |                2 |              8 |         4.00 |
|  cpu_clk_BUFG        | u_noobs_cpu/u_execute/p_8_in                     | u_noobs_cpu/u_idecode/SR[0]                |                2 |              8 |         4.00 |
|  cpu_clk_BUFG        | u_noobs_cpu/u_execute/sp_lsb_7_0[7]_i_1_n_0      | u_noobs_cpu/u_idecode/SR[0]                |                5 |              8 |         1.60 |
|  cpu_clk_BUFG        | u_noobs_cpu/u_execute/E[0]                       | u_noobs_cpu/u_idecode/SR[0]                |                3 |              8 |         2.67 |
|  cpu_clk_BUFG        | u_noobs_cpu/u_execute/dst_reg_wr_sel_reg[0]_0[0] | u_noobs_cpu/u_idecode/SR[0]                |                3 |              8 |         2.67 |
|  cpu_clk_BUFG        | u_noobs_cpu/u_execute/exec_addr_reg[1][0]        | u_noobs_cpu/u_idecode/SR[0]                |                3 |              8 |         2.67 |
|  cpu_clk_BUFG        | u_noobs_cpu/u_execute/exec_addr_reg[1]_1[0]      | u_noobs_cpu/u_idecode/SR[0]                |                4 |              8 |         2.00 |
|  cpu_clk_BUFG        | u_noobs_cpu/u_execute/vga_ctrl_reg[1]_0[0]       | u_noobs_cpu/u_idecode/SR[0]                |                3 |              8 |         2.67 |
|  cpu_clk_BUFG        | u_noobs_cpu/u_idecode/exec_imm_val_next          | u_noobs_cpu/u_idecode/SR[0]                |                4 |              8 |         2.00 |
|  cpu_clk_BUFG        | u_noobs_cpu/u_idecode/imm_mode_reg[0]_1[0]       |                                            |                3 |              8 |         2.67 |
|  counter_reg_n_0_[0] |                                                  | u_br_gen/tx_acc[8]_i_1_n_0                 |                3 |              9 |         3.00 |
|  clk25m_BUFG         |                                                  | u_character_disp/vga0/hcount[9]_i_1_n_0    |                5 |             11 |         2.20 |
|  cpu_clk_BUFG        | u_noobs_cpu/u_execute/m_en                       |                                            |                2 |             11 |         5.50 |
|  clk25m_BUFG         |                                                  |                                            |                9 |             14 |         1.56 |
|  clk25m_BUFG         | u_character_disp/vga0/active_reg_0[0]            |                                            |                3 |             15 |         5.00 |
|  cpu_clk_BUFG        | u_noobs_cpu/u_idecode/E[0]                       | u_noobs_cpu/u_idecode/SR[0]                |                8 |             20 |         2.50 |
|  cpu_clk_BUFG        |                                                  |                                            |               12 |             21 |         1.75 |
|  cpu_clk_BUFG        |                                                  | u_noobs_cpu/u_idecode/SR[0]                |               32 |             61 |         1.91 |
+----------------------+--------------------------------------------------+--------------------------------------------+------------------+----------------+--------------+


